Analysis & Synthesis report for ULA_Mips
Thu Oct 11 17:30:38 2018
Quartus Prime Version 17.1.0 Build 590 10/25/2017 SJ Lite Edition


---------------------
; Table of Contents ;
---------------------
  1. Legal Notice
  2. Analysis & Synthesis Summary
  3. Analysis & Synthesis Settings
  4. Parallel Compilation
  5. Analysis & Synthesis Source Files Read
  6. Analysis & Synthesis Resource Usage Summary
  7. Analysis & Synthesis Resource Utilization by Entity
  8. General Register Statistics
  9. Multiplexer Restructuring Statistics (Restructuring Performed)
 10. Port Connectivity Checks: "Mux_4:Mux_4"
 11. Port Connectivity Checks: "ula:ULA"
 12. Post-Synthesis Netlist Statistics for Top Partition
 13. Elapsed Time Per Partition
 14. Analysis & Synthesis Messages



----------------
; Legal Notice ;
----------------
Copyright (C) 2017  Intel Corporation. All rights reserved.
Your use of Intel Corporation's design tools, logic functions 
and other software and tools, and its AMPP partner logic 
functions, and any output files from any of the foregoing 
(including device programming or simulation files), and any 
associated documentation or information are expressly subject 
to the terms and conditions of the Intel Program License 
Subscription Agreement, the Intel Quartus Prime License Agreement,
the Intel FPGA IP License Agreement, or other applicable license
agreement, including, without limitation, that your use is for
the sole purpose of programming logic devices manufactured by
Intel and sold by Intel or its authorized distributors.  Please
refer to the applicable agreement for further details.



+----------------------------------------------------------------------------------+
; Analysis & Synthesis Summary                                                     ;
+------------------------------------+---------------------------------------------+
; Analysis & Synthesis Status        ; Successful - Thu Oct 11 17:30:38 2018       ;
; Quartus Prime Version              ; 17.1.0 Build 590 10/25/2017 SJ Lite Edition ;
; Revision Name                      ; ULA_Mips                                    ;
; Top-level Entity Name              ; ULA_Mips                                    ;
; Family                             ; Cyclone IV E                                ;
; Total logic elements               ; 176                                         ;
;     Total combinational functions  ; 176                                         ;
;     Dedicated logic registers      ; 0                                           ;
; Total registers                    ; 0                                           ;
; Total pins                         ; 102                                         ;
; Total virtual pins                 ; 0                                           ;
; Total memory bits                  ; 0                                           ;
; Embedded Multiplier 9-bit elements ; 0                                           ;
; Total PLLs                         ; 0                                           ;
+------------------------------------+---------------------------------------------+


+----------------------------------------------------------------------------------------------------------------------+
; Analysis & Synthesis Settings                                                                                        ;
+----------------------------------------------------------------------------+--------------------+--------------------+
; Option                                                                     ; Setting            ; Default Value      ;
+----------------------------------------------------------------------------+--------------------+--------------------+
; Device                                                                     ; EP4CE115F29C7      ;                    ;
; Top-level entity name                                                      ; ULA_Mips           ; ULA_Mips           ;
; Family name                                                                ; Cyclone IV E       ; Cyclone V          ;
; VHDL Show LMF Mapping Messages                                             ; Off                ;                    ;
; VHDL Version                                                               ; VHDL_2008          ; VHDL_1993          ;
; Use smart compilation                                                      ; Off                ; Off                ;
; Enable parallel Assembler and TimeQuest Timing Analyzer during compilation ; On                 ; On                 ;
; Enable compact report table                                                ; Off                ; Off                ;
; Restructure Multiplexers                                                   ; Auto               ; Auto               ;
; Create Debugging Nodes for IP Cores                                        ; Off                ; Off                ;
; Preserve fewer node names                                                  ; On                 ; On                 ;
; Intel FPGA IP Evaluation Mode                                              ; Enable             ; Enable             ;
; Verilog Version                                                            ; Verilog_2001       ; Verilog_2001       ;
; State Machine Processing                                                   ; Auto               ; Auto               ;
; Safe State Machine                                                         ; Off                ; Off                ;
; Extract Verilog State Machines                                             ; On                 ; On                 ;
; Extract VHDL State Machines                                                ; On                 ; On                 ;
; Ignore Verilog initial constructs                                          ; Off                ; Off                ;
; Iteration limit for constant Verilog loops                                 ; 5000               ; 5000               ;
; Iteration limit for non-constant Verilog loops                             ; 250                ; 250                ;
; Add Pass-Through Logic to Inferred RAMs                                    ; On                 ; On                 ;
; Infer RAMs from Raw Logic                                                  ; On                 ; On                 ;
; Parallel Synthesis                                                         ; On                 ; On                 ;
; DSP Block Balancing                                                        ; Auto               ; Auto               ;
; NOT Gate Push-Back                                                         ; On                 ; On                 ;
; Power-Up Don't Care                                                        ; On                 ; On                 ;
; Remove Redundant Logic Cells                                               ; Off                ; Off                ;
; Remove Duplicate Registers                                                 ; On                 ; On                 ;
; Ignore CARRY Buffers                                                       ; Off                ; Off                ;
; Ignore CASCADE Buffers                                                     ; Off                ; Off                ;
; Ignore GLOBAL Buffers                                                      ; Off                ; Off                ;
; Ignore ROW GLOBAL Buffers                                                  ; Off                ; Off                ;
; Ignore LCELL Buffers                                                       ; Off                ; Off                ;
; Ignore SOFT Buffers                                                        ; On                 ; On                 ;
; Limit AHDL Integers to 32 Bits                                             ; Off                ; Off                ;
; Optimization Technique                                                     ; Balanced           ; Balanced           ;
; Carry Chain Length                                                         ; 70                 ; 70                 ;
; Auto Carry Chains                                                          ; On                 ; On                 ;
; Auto Open-Drain Pins                                                       ; On                 ; On                 ;
; Perform WYSIWYG Primitive Resynthesis                                      ; Off                ; Off                ;
; Auto ROM Replacement                                                       ; On                 ; On                 ;
; Auto RAM Replacement                                                       ; On                 ; On                 ;
; Auto DSP Block Replacement                                                 ; On                 ; On                 ;
; Auto Shift Register Replacement                                            ; Auto               ; Auto               ;
; Allow Shift Register Merging across Hierarchies                            ; Auto               ; Auto               ;
; Auto Clock Enable Replacement                                              ; On                 ; On                 ;
; Strict RAM Replacement                                                     ; Off                ; Off                ;
; Allow Synchronous Control Signals                                          ; On                 ; On                 ;
; Force Use of Synchronous Clear Signals                                     ; Off                ; Off                ;
; Auto RAM Block Balancing                                                   ; On                 ; On                 ;
; Auto RAM to Logic Cell Conversion                                          ; Off                ; Off                ;
; Auto Resource Sharing                                                      ; Off                ; Off                ;
; Allow Any RAM Size For Recognition                                         ; Off                ; Off                ;
; Allow Any ROM Size For Recognition                                         ; Off                ; Off                ;
; Allow Any Shift Register Size For Recognition                              ; Off                ; Off                ;
; Use LogicLock Constraints during Resource Balancing                        ; On                 ; On                 ;
; Ignore translate_off and synthesis_off directives                          ; Off                ; Off                ;
; Timing-Driven Synthesis                                                    ; On                 ; On                 ;
; Report Parameter Settings                                                  ; On                 ; On                 ;
; Report Source Assignments                                                  ; On                 ; On                 ;
; Report Connectivity Checks                                                 ; On                 ; On                 ;
; Ignore Maximum Fan-Out Assignments                                         ; Off                ; Off                ;
; Synchronization Register Chain Length                                      ; 2                  ; 2                  ;
; Power Optimization During Synthesis                                        ; Normal compilation ; Normal compilation ;
; HDL message level                                                          ; Level2             ; Level2             ;
; Suppress Register Optimization Related Messages                            ; Off                ; Off                ;
; Number of Removed Registers Reported in Synthesis Report                   ; 5000               ; 5000               ;
; Number of Swept Nodes Reported in Synthesis Report                         ; 5000               ; 5000               ;
; Number of Inverted Registers Reported in Synthesis Report                  ; 100                ; 100                ;
; Clock MUX Protection                                                       ; On                 ; On                 ;
; Auto Gated Clock Conversion                                                ; Off                ; Off                ;
; Block Design Naming                                                        ; Auto               ; Auto               ;
; SDC constraint protection                                                  ; Off                ; Off                ;
; Synthesis Effort                                                           ; Auto               ; Auto               ;
; Shift Register Replacement - Allow Asynchronous Clear Signal               ; On                 ; On                 ;
; Pre-Mapping Resynthesis Optimization                                       ; Off                ; Off                ;
; Analysis & Synthesis Message Level                                         ; Medium             ; Medium             ;
; Disable Register Merging Across Hierarchies                                ; Auto               ; Auto               ;
; Resource Aware Inference For Block RAM                                     ; On                 ; On                 ;
+----------------------------------------------------------------------------+--------------------+--------------------+


+------------------------------------------+
; Parallel Compilation                     ;
+----------------------------+-------------+
; Processors                 ; Number      ;
+----------------------------+-------------+
; Number detected on machine ; 4           ;
; Maximum allowed            ; 2           ;
;                            ;             ;
; Average used               ; 1.00        ;
; Maximum used               ; 1           ;
;                            ;             ;
; Usage by Processor         ; % Time Used ;
;     Processor 1            ; 100.0%      ;
+----------------------------+-------------+


+----------------------------------------------------------------------------------------------------------------------------------+
; Analysis & Synthesis Source Files Read                                                                                           ;
+----------------------------------+-----------------+-----------------+-------------------------------------------------+---------+
; File Name with User-Entered Path ; Used in Netlist ; File Type       ; File Name with Absolute Path                    ; Library ;
+----------------------------------+-----------------+-----------------+-------------------------------------------------+---------+
; ULA_Mips.vhd                     ; yes             ; User VHDL File  ; /home/bruna/QuartusProject/Aula_14/ULA_Mips.vhd ;         ;
; ula.vhd                          ; yes             ; User VHDL File  ; /home/bruna/QuartusProject/Aula_14/ula.vhd      ;         ;
; Mux_4.vhd                        ; yes             ; User VHDL File  ; /home/bruna/QuartusProject/Aula_14/Mux_4.vhd    ;         ;
; Mux_2.vhd                        ; yes             ; User VHDL File  ; /home/bruna/QuartusProject/Aula_14/Mux_2.vhd    ;         ;
+----------------------------------+-----------------+-----------------+-------------------------------------------------+---------+


+----------------------------------------------------------+
; Analysis & Synthesis Resource Usage Summary              ;
+---------------------------------------------+------------+
; Resource                                    ; Usage      ;
+---------------------------------------------+------------+
; Estimated Total logic elements              ; 176        ;
;                                             ;            ;
; Total combinational functions               ; 176        ;
; Logic element usage by number of LUT inputs ;            ;
;     -- 4 input functions                    ; 129        ;
;     -- 3 input functions                    ; 2          ;
;     -- <=2 input functions                  ; 45         ;
;                                             ;            ;
; Logic elements by mode                      ;            ;
;     -- normal mode                          ; 176        ;
;     -- arithmetic mode                      ; 0          ;
;                                             ;            ;
; Total registers                             ; 0          ;
;     -- Dedicated logic registers            ; 0          ;
;     -- I/O registers                        ; 0          ;
;                                             ;            ;
; I/O pins                                    ; 102        ;
;                                             ;            ;
; Embedded Multiplier 9-bit elements          ; 0          ;
;                                             ;            ;
; Maximum fan-out node                        ; selA~input ;
; Maximum fan-out                             ; 70         ;
; Total fan-out                               ; 747        ;
; Average fan-out                             ; 1.97       ;
+---------------------------------------------+------------+


+------------------------------------------------------------------------------------------------------------------------------------------------------------------------------------------------------------+
; Analysis & Synthesis Resource Utilization by Entity                                                                                                                                                        ;
+----------------------------+---------------------+---------------------------+-------------+--------------+---------+-----------+------+--------------+-----------------------+-------------+--------------+
; Compilation Hierarchy Node ; Combinational ALUTs ; Dedicated Logic Registers ; Memory Bits ; DSP Elements ; DSP 9x9 ; DSP 18x18 ; Pins ; Virtual Pins ; Full Hierarchy Name   ; Entity Name ; Library Name ;
+----------------------------+---------------------+---------------------------+-------------+--------------+---------+-----------+------+--------------+-----------------------+-------------+--------------+
; |ULA_Mips                  ; 176 (13)            ; 0 (0)                     ; 0           ; 0            ; 0       ; 0         ; 102  ; 0            ; |ULA_Mips             ; ULA_Mips    ; work         ;
;    |Mux_2:Mux_A|           ; 12 (12)             ; 0 (0)                     ; 0           ; 0            ; 0       ; 0         ; 0    ; 0            ; |ULA_Mips|Mux_2:Mux_A ; Mux_2       ; work         ;
;    |Mux_2:Mux_B|           ; 32 (32)             ; 0 (0)                     ; 0           ; 0            ; 0       ; 0         ; 0    ; 0            ; |ULA_Mips|Mux_2:Mux_B ; Mux_2       ; work         ;
;    |Mux_4:Mux_4|           ; 66 (66)             ; 0 (0)                     ; 0           ; 0            ; 0       ; 0         ; 0    ; 0            ; |ULA_Mips|Mux_4:Mux_4 ; Mux_4       ; work         ;
;    |ula:ULA|               ; 53 (53)             ; 0 (0)                     ; 0           ; 0            ; 0       ; 0         ; 0    ; 0            ; |ULA_Mips|ula:ULA     ; ula         ; work         ;
+----------------------------+---------------------+---------------------------+-------------+--------------+---------+-----------+------+--------------+-----------------------+-------------+--------------+
Note: For table entries with two numbers listed, the numbers in parentheses indicate the number of resources of the given type used by the specific entity alone. The numbers listed outside of parentheses indicate the total resources of the given type used by the specific entity and all of its sub-entities in the hierarchy.


+------------------------------------------------------+
; General Register Statistics                          ;
+----------------------------------------------+-------+
; Statistic                                    ; Value ;
+----------------------------------------------+-------+
; Total registers                              ; 0     ;
; Number of registers using Synchronous Clear  ; 0     ;
; Number of registers using Synchronous Load   ; 0     ;
; Number of registers using Asynchronous Clear ; 0     ;
; Number of registers using Asynchronous Load  ; 0     ;
; Number of registers using Clock Enable       ; 0     ;
; Number of registers using Preset             ; 0     ;
+----------------------------------------------+-------+


+-------------------------------------------------------------------------------------------------------------------------------------------+
; Multiplexer Restructuring Statistics (Restructuring Performed)                                                                            ;
+--------------------+-----------+---------------+----------------------+------------------------+------------+-----------------------------+
; Multiplexer Inputs ; Bus Width ; Baseline Area ; Area if Restructured ; Saving if Restructured ; Registered ; Example Multiplexer Output  ;
+--------------------+-----------+---------------+----------------------+------------------------+------------+-----------------------------+
; 4:1                ; 31 bits   ; 62 LEs        ; 62 LEs               ; 0 LEs                  ; No         ; |ULA_Mips|Mux_4:Mux_4|q[16] ;
+--------------------+-----------+---------------+----------------------+------------------------+------------+-----------------------------+


+--------------------------------------------+
; Port Connectivity Checks: "Mux_4:Mux_4"    ;
+----------+-------+----------+--------------+
; Port     ; Type  ; Severity ; Details      ;
+----------+-------+----------+--------------+
; d[31..1] ; Input ; Info     ; Stuck at GND ;
+----------+-------+----------+--------------+


+----------------------------------------------------------------------------------------------------------------+
; Port Connectivity Checks: "ula:ULA"                                                                            ;
+------+--------+----------+-------------------------------------------------------------------------------------+
; Port ; Type   ; Severity ; Details                                                                             ;
+------+--------+----------+-------------------------------------------------------------------------------------+
; z    ; Output ; Info     ; Connected to dangling logic. Logic that only feeds a dangling port will be removed. ;
+------+--------+----------+-------------------------------------------------------------------------------------+


+-----------------------------------------------------+
; Post-Synthesis Netlist Statistics for Top Partition ;
+-----------------------+-----------------------------+
; Type                  ; Count                       ;
+-----------------------+-----------------------------+
; boundary_port         ; 102                         ;
; cycloneiii_lcell_comb ; 177                         ;
;     normal            ; 177                         ;
;         1 data inputs ; 1                           ;
;         2 data inputs ; 45                          ;
;         3 data inputs ; 2                           ;
;         4 data inputs ; 129                         ;
;                       ;                             ;
; Max LUT depth         ; 40.00                       ;
; Average LUT depth     ; 25.90                       ;
+-----------------------+-----------------------------+


+-------------------------------+
; Elapsed Time Per Partition    ;
+----------------+--------------+
; Partition Name ; Elapsed Time ;
+----------------+--------------+
; Top            ; 00:00:01     ;
+----------------+--------------+


+-------------------------------+
; Analysis & Synthesis Messages ;
+-------------------------------+
Info: *******************************************************************
Info: Running Quartus Prime Analysis & Synthesis
    Info: Version 17.1.0 Build 590 10/25/2017 SJ Lite Edition
    Info: Processing started: Thu Oct 11 17:30:20 2018
Info: Command: quartus_map --read_settings_files=on --write_settings_files=off ULA_Mips -c ULA_Mips
Warning (18236): Number of processors has not been specified which may cause overloading on shared machines.  Set the global assignment NUM_PARALLEL_PROCESSORS in your QSF to an appropriate value for best performance.
Info (20030): Parallel compilation is enabled and will use 2 of the 2 processors detected
Info (12021): Found 2 design units, including 1 entities, in source file ULA_Mips.vhd
    Info (12022): Found design unit 1: ULA_Mips-arch_mips File: /home/bruna/QuartusProject/Aula_14/ULA_Mips.vhd Line: 25
    Info (12023): Found entity 1: ULA_Mips File: /home/bruna/QuartusProject/Aula_14/ULA_Mips.vhd Line: 6
Info (12021): Found 2 design units, including 1 entities, in source file ula.vhd
    Info (12022): Found design unit 1: ula-arch_ula File: /home/bruna/QuartusProject/Aula_14/ula.vhd Line: 25
    Info (12023): Found entity 1: ula File: /home/bruna/QuartusProject/Aula_14/ula.vhd Line: 7
Info (12021): Found 2 design units, including 1 entities, in source file Mux_4.vhd
    Info (12022): Found design unit 1: Mux_4-arch_mux_4 File: /home/bruna/QuartusProject/Aula_14/Mux_4.vhd Line: 23
    Info (12023): Found entity 1: Mux_4 File: /home/bruna/QuartusProject/Aula_14/Mux_4.vhd Line: 6
Info (12021): Found 2 design units, including 1 entities, in source file Mux_2.vhd
    Info (12022): Found design unit 1: Mux_2-arch_mux_2 File: /home/bruna/QuartusProject/Aula_14/Mux_2.vhd Line: 21
    Info (12023): Found entity 1: Mux_2 File: /home/bruna/QuartusProject/Aula_14/Mux_2.vhd Line: 6
Info (12127): Elaborating entity "ULA_Mips" for the top level hierarchy
Warning (10036): Verilog HDL or VHDL warning at ULA_Mips.vhd(30): object "Z" assigned a value but never read File: /home/bruna/QuartusProject/Aula_14/ULA_Mips.vhd Line: 30
Info (12128): Elaborating entity "Mux_2" for hierarchy "Mux_2:Mux_A" File: /home/bruna/QuartusProject/Aula_14/ULA_Mips.vhd Line: 38
Info (10041): Inferred latch for "q[0]" at Mux_2.vhd(25) File: /home/bruna/QuartusProject/Aula_14/Mux_2.vhd Line: 25
Info (10041): Inferred latch for "q[1]" at Mux_2.vhd(25) File: /home/bruna/QuartusProject/Aula_14/Mux_2.vhd Line: 25
Info (10041): Inferred latch for "q[2]" at Mux_2.vhd(25) File: /home/bruna/QuartusProject/Aula_14/Mux_2.vhd Line: 25
Info (10041): Inferred latch for "q[3]" at Mux_2.vhd(25) File: /home/bruna/QuartusProject/Aula_14/Mux_2.vhd Line: 25
Info (10041): Inferred latch for "q[4]" at Mux_2.vhd(25) File: /home/bruna/QuartusProject/Aula_14/Mux_2.vhd Line: 25
Info (10041): Inferred latch for "q[5]" at Mux_2.vhd(25) File: /home/bruna/QuartusProject/Aula_14/Mux_2.vhd Line: 25
Info (10041): Inferred latch for "q[6]" at Mux_2.vhd(25) File: /home/bruna/QuartusProject/Aula_14/Mux_2.vhd Line: 25
Info (10041): Inferred latch for "q[7]" at Mux_2.vhd(25) File: /home/bruna/QuartusProject/Aula_14/Mux_2.vhd Line: 25
Info (10041): Inferred latch for "q[8]" at Mux_2.vhd(25) File: /home/bruna/QuartusProject/Aula_14/Mux_2.vhd Line: 25
Info (10041): Inferred latch for "q[9]" at Mux_2.vhd(25) File: /home/bruna/QuartusProject/Aula_14/Mux_2.vhd Line: 25
Info (10041): Inferred latch for "q[10]" at Mux_2.vhd(25) File: /home/bruna/QuartusProject/Aula_14/Mux_2.vhd Line: 25
Info (10041): Inferred latch for "q[11]" at Mux_2.vhd(25) File: /home/bruna/QuartusProject/Aula_14/Mux_2.vhd Line: 25
Info (10041): Inferred latch for "q[12]" at Mux_2.vhd(25) File: /home/bruna/QuartusProject/Aula_14/Mux_2.vhd Line: 25
Info (10041): Inferred latch for "q[13]" at Mux_2.vhd(25) File: /home/bruna/QuartusProject/Aula_14/Mux_2.vhd Line: 25
Info (10041): Inferred latch for "q[14]" at Mux_2.vhd(25) File: /home/bruna/QuartusProject/Aula_14/Mux_2.vhd Line: 25
Info (10041): Inferred latch for "q[15]" at Mux_2.vhd(25) File: /home/bruna/QuartusProject/Aula_14/Mux_2.vhd Line: 25
Info (10041): Inferred latch for "q[16]" at Mux_2.vhd(25) File: /home/bruna/QuartusProject/Aula_14/Mux_2.vhd Line: 25
Info (10041): Inferred latch for "q[17]" at Mux_2.vhd(25) File: /home/bruna/QuartusProject/Aula_14/Mux_2.vhd Line: 25
Info (10041): Inferred latch for "q[18]" at Mux_2.vhd(25) File: /home/bruna/QuartusProject/Aula_14/Mux_2.vhd Line: 25
Info (10041): Inferred latch for "q[19]" at Mux_2.vhd(25) File: /home/bruna/QuartusProject/Aula_14/Mux_2.vhd Line: 25
Info (10041): Inferred latch for "q[20]" at Mux_2.vhd(25) File: /home/bruna/QuartusProject/Aula_14/Mux_2.vhd Line: 25
Info (10041): Inferred latch for "q[21]" at Mux_2.vhd(25) File: /home/bruna/QuartusProject/Aula_14/Mux_2.vhd Line: 25
Info (10041): Inferred latch for "q[22]" at Mux_2.vhd(25) File: /home/bruna/QuartusProject/Aula_14/Mux_2.vhd Line: 25
Info (10041): Inferred latch for "q[23]" at Mux_2.vhd(25) File: /home/bruna/QuartusProject/Aula_14/Mux_2.vhd Line: 25
Info (10041): Inferred latch for "q[24]" at Mux_2.vhd(25) File: /home/bruna/QuartusProject/Aula_14/Mux_2.vhd Line: 25
Info (10041): Inferred latch for "q[25]" at Mux_2.vhd(25) File: /home/bruna/QuartusProject/Aula_14/Mux_2.vhd Line: 25
Info (10041): Inferred latch for "q[26]" at Mux_2.vhd(25) File: /home/bruna/QuartusProject/Aula_14/Mux_2.vhd Line: 25
Info (10041): Inferred latch for "q[27]" at Mux_2.vhd(25) File: /home/bruna/QuartusProject/Aula_14/Mux_2.vhd Line: 25
Info (10041): Inferred latch for "q[28]" at Mux_2.vhd(25) File: /home/bruna/QuartusProject/Aula_14/Mux_2.vhd Line: 25
Info (10041): Inferred latch for "q[29]" at Mux_2.vhd(25) File: /home/bruna/QuartusProject/Aula_14/Mux_2.vhd Line: 25
Info (10041): Inferred latch for "q[30]" at Mux_2.vhd(25) File: /home/bruna/QuartusProject/Aula_14/Mux_2.vhd Line: 25
Info (10041): Inferred latch for "q[31]" at Mux_2.vhd(25) File: /home/bruna/QuartusProject/Aula_14/Mux_2.vhd Line: 25
Info (12128): Elaborating entity "ula" for hierarchy "ula:ULA" File: /home/bruna/QuartusProject/Aula_14/ULA_Mips.vhd Line: 40
Info (12128): Elaborating entity "Mux_4" for hierarchy "Mux_4:Mux_4" File: /home/bruna/QuartusProject/Aula_14/ULA_Mips.vhd Line: 41
Info (10041): Inferred latch for "q[0]" at Mux_4.vhd(27) File: /home/bruna/QuartusProject/Aula_14/Mux_4.vhd Line: 27
Info (10041): Inferred latch for "q[1]" at Mux_4.vhd(27) File: /home/bruna/QuartusProject/Aula_14/Mux_4.vhd Line: 27
Info (10041): Inferred latch for "q[2]" at Mux_4.vhd(27) File: /home/bruna/QuartusProject/Aula_14/Mux_4.vhd Line: 27
Info (10041): Inferred latch for "q[3]" at Mux_4.vhd(27) File: /home/bruna/QuartusProject/Aula_14/Mux_4.vhd Line: 27
Info (10041): Inferred latch for "q[4]" at Mux_4.vhd(27) File: /home/bruna/QuartusProject/Aula_14/Mux_4.vhd Line: 27
Info (10041): Inferred latch for "q[5]" at Mux_4.vhd(27) File: /home/bruna/QuartusProject/Aula_14/Mux_4.vhd Line: 27
Info (10041): Inferred latch for "q[6]" at Mux_4.vhd(27) File: /home/bruna/QuartusProject/Aula_14/Mux_4.vhd Line: 27
Info (10041): Inferred latch for "q[7]" at Mux_4.vhd(27) File: /home/bruna/QuartusProject/Aula_14/Mux_4.vhd Line: 27
Info (10041): Inferred latch for "q[8]" at Mux_4.vhd(27) File: /home/bruna/QuartusProject/Aula_14/Mux_4.vhd Line: 27
Info (10041): Inferred latch for "q[9]" at Mux_4.vhd(27) File: /home/bruna/QuartusProject/Aula_14/Mux_4.vhd Line: 27
Info (10041): Inferred latch for "q[10]" at Mux_4.vhd(27) File: /home/bruna/QuartusProject/Aula_14/Mux_4.vhd Line: 27
Info (10041): Inferred latch for "q[11]" at Mux_4.vhd(27) File: /home/bruna/QuartusProject/Aula_14/Mux_4.vhd Line: 27
Info (10041): Inferred latch for "q[12]" at Mux_4.vhd(27) File: /home/bruna/QuartusProject/Aula_14/Mux_4.vhd Line: 27
Info (10041): Inferred latch for "q[13]" at Mux_4.vhd(27) File: /home/bruna/QuartusProject/Aula_14/Mux_4.vhd Line: 27
Info (10041): Inferred latch for "q[14]" at Mux_4.vhd(27) File: /home/bruna/QuartusProject/Aula_14/Mux_4.vhd Line: 27
Info (10041): Inferred latch for "q[15]" at Mux_4.vhd(27) File: /home/bruna/QuartusProject/Aula_14/Mux_4.vhd Line: 27
Info (10041): Inferred latch for "q[16]" at Mux_4.vhd(27) File: /home/bruna/QuartusProject/Aula_14/Mux_4.vhd Line: 27
Info (10041): Inferred latch for "q[17]" at Mux_4.vhd(27) File: /home/bruna/QuartusProject/Aula_14/Mux_4.vhd Line: 27
Info (10041): Inferred latch for "q[18]" at Mux_4.vhd(27) File: /home/bruna/QuartusProject/Aula_14/Mux_4.vhd Line: 27
Info (10041): Inferred latch for "q[19]" at Mux_4.vhd(27) File: /home/bruna/QuartusProject/Aula_14/Mux_4.vhd Line: 27
Info (10041): Inferred latch for "q[20]" at Mux_4.vhd(27) File: /home/bruna/QuartusProject/Aula_14/Mux_4.vhd Line: 27
Info (10041): Inferred latch for "q[21]" at Mux_4.vhd(27) File: /home/bruna/QuartusProject/Aula_14/Mux_4.vhd Line: 27
Info (10041): Inferred latch for "q[22]" at Mux_4.vhd(27) File: /home/bruna/QuartusProject/Aula_14/Mux_4.vhd Line: 27
Info (10041): Inferred latch for "q[23]" at Mux_4.vhd(27) File: /home/bruna/QuartusProject/Aula_14/Mux_4.vhd Line: 27
Info (10041): Inferred latch for "q[24]" at Mux_4.vhd(27) File: /home/bruna/QuartusProject/Aula_14/Mux_4.vhd Line: 27
Info (10041): Inferred latch for "q[25]" at Mux_4.vhd(27) File: /home/bruna/QuartusProject/Aula_14/Mux_4.vhd Line: 27
Info (10041): Inferred latch for "q[26]" at Mux_4.vhd(27) File: /home/bruna/QuartusProject/Aula_14/Mux_4.vhd Line: 27
Info (10041): Inferred latch for "q[27]" at Mux_4.vhd(27) File: /home/bruna/QuartusProject/Aula_14/Mux_4.vhd Line: 27
Info (10041): Inferred latch for "q[28]" at Mux_4.vhd(27) File: /home/bruna/QuartusProject/Aula_14/Mux_4.vhd Line: 27
Info (10041): Inferred latch for "q[29]" at Mux_4.vhd(27) File: /home/bruna/QuartusProject/Aula_14/Mux_4.vhd Line: 27
Info (10041): Inferred latch for "q[30]" at Mux_4.vhd(27) File: /home/bruna/QuartusProject/Aula_14/Mux_4.vhd Line: 27
Info (10041): Inferred latch for "q[31]" at Mux_4.vhd(27) File: /home/bruna/QuartusProject/Aula_14/Mux_4.vhd Line: 27
Warning (14026): LATCH primitive "Mux_4:Mux_4|q[0]" is permanently enabled File: /home/bruna/QuartusProject/Aula_14/Mux_4.vhd Line: 27
Warning (14026): LATCH primitive "Mux_4:Mux_4|q[1]" is permanently enabled File: /home/bruna/QuartusProject/Aula_14/Mux_4.vhd Line: 27
Warning (14026): LATCH primitive "Mux_4:Mux_4|q[2]" is permanently enabled File: /home/bruna/QuartusProject/Aula_14/Mux_4.vhd Line: 27
Warning (14026): LATCH primitive "Mux_4:Mux_4|q[3]" is permanently enabled File: /home/bruna/QuartusProject/Aula_14/Mux_4.vhd Line: 27
Warning (14026): LATCH primitive "Mux_4:Mux_4|q[4]" is permanently enabled File: /home/bruna/QuartusProject/Aula_14/Mux_4.vhd Line: 27
Warning (14026): LATCH primitive "Mux_4:Mux_4|q[5]" is permanently enabled File: /home/bruna/QuartusProject/Aula_14/Mux_4.vhd Line: 27
Warning (14026): LATCH primitive "Mux_4:Mux_4|q[6]" is permanently enabled File: /home/bruna/QuartusProject/Aula_14/Mux_4.vhd Line: 27
Warning (14026): LATCH primitive "Mux_4:Mux_4|q[7]" is permanently enabled File: /home/bruna/QuartusProject/Aula_14/Mux_4.vhd Line: 27
Warning (14026): LATCH primitive "Mux_4:Mux_4|q[8]" is permanently enabled File: /home/bruna/QuartusProject/Aula_14/Mux_4.vhd Line: 27
Warning (14026): LATCH primitive "Mux_4:Mux_4|q[9]" is permanently enabled File: /home/bruna/QuartusProject/Aula_14/Mux_4.vhd Line: 27
Warning (14026): LATCH primitive "Mux_4:Mux_4|q[10]" is permanently enabled File: /home/bruna/QuartusProject/Aula_14/Mux_4.vhd Line: 27
Warning (14026): LATCH primitive "Mux_4:Mux_4|q[11]" is permanently enabled File: /home/bruna/QuartusProject/Aula_14/Mux_4.vhd Line: 27
Warning (14026): LATCH primitive "Mux_4:Mux_4|q[12]" is permanently enabled File: /home/bruna/QuartusProject/Aula_14/Mux_4.vhd Line: 27
Warning (14026): LATCH primitive "Mux_4:Mux_4|q[13]" is permanently enabled File: /home/bruna/QuartusProject/Aula_14/Mux_4.vhd Line: 27
Warning (14026): LATCH primitive "Mux_4:Mux_4|q[14]" is permanently enabled File: /home/bruna/QuartusProject/Aula_14/Mux_4.vhd Line: 27
Warning (14026): LATCH primitive "Mux_4:Mux_4|q[15]" is permanently enabled File: /home/bruna/QuartusProject/Aula_14/Mux_4.vhd Line: 27
Warning (14026): LATCH primitive "Mux_4:Mux_4|q[16]" is permanently enabled File: /home/bruna/QuartusProject/Aula_14/Mux_4.vhd Line: 27
Warning (14026): LATCH primitive "Mux_4:Mux_4|q[17]" is permanently enabled File: /home/bruna/QuartusProject/Aula_14/Mux_4.vhd Line: 27
Warning (14026): LATCH primitive "Mux_4:Mux_4|q[18]" is permanently enabled File: /home/bruna/QuartusProject/Aula_14/Mux_4.vhd Line: 27
Warning (14026): LATCH primitive "Mux_4:Mux_4|q[19]" is permanently enabled File: /home/bruna/QuartusProject/Aula_14/Mux_4.vhd Line: 27
Warning (14026): LATCH primitive "Mux_4:Mux_4|q[20]" is permanently enabled File: /home/bruna/QuartusProject/Aula_14/Mux_4.vhd Line: 27
Warning (14026): LATCH primitive "Mux_4:Mux_4|q[21]" is permanently enabled File: /home/bruna/QuartusProject/Aula_14/Mux_4.vhd Line: 27
Warning (14026): LATCH primitive "Mux_4:Mux_4|q[22]" is permanently enabled File: /home/bruna/QuartusProject/Aula_14/Mux_4.vhd Line: 27
Warning (14026): LATCH primitive "Mux_4:Mux_4|q[23]" is permanently enabled File: /home/bruna/QuartusProject/Aula_14/Mux_4.vhd Line: 27
Warning (14026): LATCH primitive "Mux_4:Mux_4|q[24]" is permanently enabled File: /home/bruna/QuartusProject/Aula_14/Mux_4.vhd Line: 27
Warning (14026): LATCH primitive "Mux_4:Mux_4|q[25]" is permanently enabled File: /home/bruna/QuartusProject/Aula_14/Mux_4.vhd Line: 27
Warning (14026): LATCH primitive "Mux_4:Mux_4|q[26]" is permanently enabled File: /home/bruna/QuartusProject/Aula_14/Mux_4.vhd Line: 27
Warning (14026): LATCH primitive "Mux_4:Mux_4|q[27]" is permanently enabled File: /home/bruna/QuartusProject/Aula_14/Mux_4.vhd Line: 27
Warning (14026): LATCH primitive "Mux_4:Mux_4|q[28]" is permanently enabled File: /home/bruna/QuartusProject/Aula_14/Mux_4.vhd Line: 27
Warning (14026): LATCH primitive "Mux_4:Mux_4|q[29]" is permanently enabled File: /home/bruna/QuartusProject/Aula_14/Mux_4.vhd Line: 27
Warning (14026): LATCH primitive "Mux_4:Mux_4|q[30]" is permanently enabled File: /home/bruna/QuartusProject/Aula_14/Mux_4.vhd Line: 27
Warning (14026): LATCH primitive "Mux_4:Mux_4|q[31]" is permanently enabled File: /home/bruna/QuartusProject/Aula_14/Mux_4.vhd Line: 27
Info (286030): Timing-Driven Synthesis is running
Info (16010): Generating hard_block partition "hard_block:auto_generated_inst"
    Info (16011): Adding 0 node(s), including 0 DDIO, 0 PLL, 0 transceiver and 0 LCELL
Info (21057): Implemented 278 device resources after synthesis - the final resource count might be different
    Info (21058): Implemented 69 input pins
    Info (21059): Implemented 33 output pins
    Info (21061): Implemented 176 logic cells
Info: Quartus Prime Analysis & Synthesis was successful. 0 errors, 34 warnings
    Info: Peak virtual memory: 979 megabytes
    Info: Processing ended: Thu Oct 11 17:30:38 2018
    Info: Elapsed time: 00:00:18
    Info: Total CPU time (on all processors): 00:00:40


